node.exe : [33mThe CJS build of Vite's Node API is deprecated. See https://vite.dev/guide/troubleshooting.html#vite-cjs-node-api-deprecated for more details.[39m
At C:\Program Files\nodejs\npx.ps1:29 char:3
+   & $NODE_EXE $NPX_CLI_JS $args
+   ~~~~~~~~~~~~~~~~~~~~~~~~~~~~~
    + CategoryInfo              : NotSpecified: (    [33mThe CJS bu...e de    tails.[39m:String) [    ], RemoteException
    + FullyQualifiedError    Id : NativeCommandErr    or
 

[1m[46m RUN [49m[22m [36mv4.0.16 [39m[90mD:/Project Besar/webfilm[39m

[31mΓÄ»ΓÄ»ΓÄ»ΓÄ»ΓÄ»ΓÄ»[39m[1m[41m Unhandled Errors [49m[22m[31mΓÄ»ΓÄ»ΓÄ»ΓÄ»ΓÄ»ΓÄ»[39m
[31m[1m
Vitest caught 2 unhandled errors during the test run.
This might cause false positive tests. Resolve unhandled errors to make sure your tests are not affected.[22m[39m

[31mΓÄ»ΓÄ»ΓÄ»ΓÄ»ΓÄ»ΓÄ»[39m[1m[41m Unhandled Error [49m[22m[31mΓÄ»ΓÄ»ΓÄ»ΓÄ»ΓÄ»ΓÄ»ΓÄ»[39m
[31m[1mError[22m: require() of ES Module D:\Project Besar\webfilm\node_modules\parse5\dist\index.js from D:\Project Besar\webfilm\node_modules\jsdom\lib\jsdom\browser\parser\html.js not supported.
Instead change the require of index.js in D:\Project Besar\webfilm\node_modules\jsdom\lib\jsdom\browser\parser\html.js to a dynamic import() which is available in all CommonJS modules.[39m
[90m [2mΓ¥»[22m TracingChannel.traceSync node:diagnostics_channel:[2m315:14[22m[39m
[90m [2mΓ¥»[22m Object.<anonymous> node_modules/jsdom/lib/jsdom/browser/parser/html.js:[2m3:16[22m[39m

[31m[2mΓÄ»ΓÄ»ΓÄ»ΓÄ»ΓÄ»ΓÄ»ΓÄ»ΓÄ»ΓÄ»ΓÄ»ΓÄ»ΓÄ»ΓÄ»ΓÄ»ΓÄ»ΓÄ»ΓÄ»ΓÄ»ΓÄ»ΓÄ»ΓÄ»ΓÄ»ΓÄ»ΓÄ»ΓÄ»ΓÄ»ΓÄ»ΓÄ»ΓÄ»ΓÄ»[22m[39m
[31m[1mSerialized Error:[22m[39m [90m{ code: 'ERR_REQUIRE_ESM' }[39m

[31mΓÄ»ΓÄ»ΓÄ»ΓÄ»ΓÄ»ΓÄ»[39m[1m[41m Unhandled Error [49m[22m[31mΓÄ»ΓÄ»ΓÄ»ΓÄ»ΓÄ»ΓÄ»ΓÄ»[39m
[31m[1mError[22m: require() of ES Module D:\Project Besar\webfilm\node_modules\parse5\dist\index.js from D:\Project Besar\webfilm\node_modules\jsdom\lib\jsdom\browser\parser\html.js not supported.
Instead change the require of index.js in D:\Project Besar\webfilm\node_modules\jsdom\lib\jsdom\browser\parser\html.js to a dynamic import() which is available in all CommonJS modules.[39m
[90m [2mΓ¥»[22m TracingChannel.traceSync node:diagnostics_channel:[2m315:14[22m[39m
[90m [2mΓ¥»[22m Object.<anonymous> node_modules/jsdom/lib/jsdom/browser/parser/html.js:[2m3:16[22m[39m

[31m[2mΓÄ»ΓÄ»ΓÄ»ΓÄ»ΓÄ»ΓÄ»ΓÄ»ΓÄ»ΓÄ»ΓÄ»ΓÄ»ΓÄ»ΓÄ»ΓÄ»ΓÄ»ΓÄ»ΓÄ»ΓÄ»ΓÄ»ΓÄ»ΓÄ»ΓÄ»ΓÄ»ΓÄ»ΓÄ»ΓÄ»ΓÄ»ΓÄ»ΓÄ»ΓÄ»[22m[39m
[31m[1mSerialized Error:[22m[39m [90m{ code: 'ERR_REQUIRE_ESM' }[39m
[31mΓÄ»ΓÄ»ΓÄ»ΓÄ»ΓÄ»ΓÄ»ΓÄ»ΓÄ»ΓÄ»ΓÄ»ΓÄ»ΓÄ»ΓÄ»ΓÄ»ΓÄ»ΓÄ»ΓÄ»ΓÄ»ΓÄ»ΓÄ»ΓÄ»ΓÄ»ΓÄ»ΓÄ»ΓÄ»ΓÄ»ΓÄ»ΓÄ»ΓÄ»ΓÄ»[39m


[2m Test Files [22m [2mno tests[22m
[2m      Tests [22m [2mno tests[22m
[2m     Errors [22m [1m[31m2 errors[39m[22m
[2m   Start at [22m 13:53:19
[2m   Duration [22m 1.10s[2m (transform 0ms, setup 0ms, import 0ms, tests 0ms, environment 0ms)[22m

